[     137ms] [WARNING] Failed to decode downloaded font: http://localhost:8765/vendor/phosphor/PhosphorFill.woff2 @ http://localhost:8765/index.html:0
[     138ms] [WARNING] OTS parsing error: invalid sfntVersion: 1131378028 @ http://localhost:8765/index.html:0
[    6953ms] [WARNING] Failed to decode downloaded font: http://localhost:8765/vendor/phosphor/PhosphorFill.woff2 @ http://localhost:8765/index.html:0
[    6953ms] [WARNING] OTS parsing error: invalid sfntVersion: 1131378028 @ http://localhost:8765/index.html:0
[  433145ms] [WARNING] Failed to decode downloaded font: http://localhost:8765/vendor/phosphor/PhosphorFill.woff2 @ http://localhost:8765/index.html:0
[  433146ms] [WARNING] OTS parsing error: invalid sfntVersion: 1131378028 @ http://localhost:8765/index.html:0
[  496416ms] [WARNING] Failed to decode downloaded font: http://localhost:8765/vendor/phosphor/PhosphorFill.woff2 @ http://localhost:8765/index.html:0
[  496416ms] [WARNING] OTS parsing error: invalid sfntVersion: 1131378028 @ http://localhost:8765/index.html:0
[ 1028552ms] [WARNING] Failed to decode downloaded font: http://localhost:8765/vendor/phosphor/PhosphorFill.woff2 @ http://localhost:8765/index.html:0
[ 1028552ms] [WARNING] OTS parsing error: invalid sfntVersion: 1131378028 @ http://localhost:8765/index.html:0
[ 1028995ms] [WARNING] Failed to decode downloaded font: http://localhost:8765/vendor/phosphor/PhosphorFill.woff2 @ http://localhost:8765/index.html:0
[ 1028995ms] [WARNING] OTS parsing error: invalid sfntVersion: 1131378028 @ http://localhost:8765/index.html:0
[ 1456808ms] [WARNING] Failed to decode downloaded font: http://localhost:8765/vendor/phosphor/PhosphorFill.woff2 @ http://localhost:8765/index.html:0
[ 1456814ms] [WARNING] OTS parsing error: invalid sfntVersion: 1131378028 @ http://localhost:8765/index.html:0
[ 1528800ms] [WARNING] Failed to decode downloaded font: http://localhost:8765/vendor/phosphor/PhosphorFill.woff2 @ http://localhost:8765/index.html:0
[ 1528800ms] [WARNING] OTS parsing error: invalid sfntVersion: 1131378028 @ http://localhost:8765/index.html:0
[ 1529839ms] [WARNING] Failed to decode downloaded font: http://localhost:8765/vendor/phosphor/PhosphorFill.woff2 @ http://localhost:8765/index.html:0
[ 1529839ms] [WARNING] OTS parsing error: invalid sfntVersion: 1131378028 @ http://localhost:8765/index.html:0
[ 1530857ms] [WARNING] Failed to decode downloaded font: http://localhost:8765/vendor/phosphor/PhosphorFill.woff2 @ http://localhost:8765/index.html:0
[ 1530857ms] [WARNING] OTS parsing error: invalid sfntVersion: 1131378028 @ http://localhost:8765/index.html:0
[ 3399013ms] [WARNING] Failed to decode downloaded font: http://localhost:8765/vendor/phosphor/PhosphorFill.woff2 @ http://localhost:8765/index.html:0
[ 3399014ms] [WARNING] OTS parsing error: invalid sfntVersion: 1131378028 @ http://localhost:8765/index.html:0
[ 3399935ms] [WARNING] Failed to decode downloaded font: http://localhost:8765/vendor/phosphor/PhosphorFill.woff2 @ http://localhost:8765/index.html:0
[ 3399935ms] [WARNING] OTS parsing error: invalid sfntVersion: 1131378028 @ http://localhost:8765/index.html:0
[ 3400812ms] [WARNING] Failed to decode downloaded font: http://localhost:8765/vendor/phosphor/PhosphorFill.woff2 @ http://localhost:8765/index.html:0
[ 3400812ms] [WARNING] OTS parsing error: invalid sfntVersion: 1131378028 @ http://localhost:8765/index.html:0
[ 3402547ms] [WARNING] Failed to decode downloaded font: http://localhost:8765/vendor/phosphor/PhosphorFill.woff2 @ http://localhost:8765/index.html:0
[ 3402547ms] [WARNING] OTS parsing error: invalid sfntVersion: 1131378028 @ http://localhost:8765/index.html:0
[ 3589249ms] [WARNING] Failed to decode downloaded font: http://localhost:8765/vendor/phosphor/PhosphorFill.woff2 @ http://localhost:8765/index.html:0
[ 3589249ms] [WARNING] OTS parsing error: invalid sfntVersion: 1131378028 @ http://localhost:8765/index.html:0
[ 3589961ms] [WARNING] Failed to decode downloaded font: http://localhost:8765/vendor/phosphor/PhosphorFill.woff2 @ http://localhost:8765/index.html:0
[ 3589961ms] [WARNING] OTS parsing error: invalid sfntVersion: 1131378028 @ http://localhost:8765/index.html:0
[ 3590947ms] [WARNING] Failed to decode downloaded font: http://localhost:8765/vendor/phosphor/PhosphorFill.woff2 @ http://localhost:8765/index.html:0
[ 3590947ms] [WARNING] OTS parsing error: invalid sfntVersion: 1131378028 @ http://localhost:8765/index.html:0
