[      21ms] [WARNING] Failed to decode downloaded font: http://localhost:8765/vendor/phosphor/PhosphorFill.woff2 @ http://localhost:8765/:0
[      21ms] [WARNING] OTS parsing error: invalid sfntVersion: 1131378028 @ http://localhost:8765/:0
[     298ms] [WARNING] Failed to decode downloaded font: http://localhost:8765/vendor/phosphor/PhosphorFill.woff2 @ http://localhost:8765/:0
[     298ms] [WARNING] OTS parsing error: invalid sfntVersion: 1131378028 @ http://localhost:8765/:0
[   51284ms] [WARNING] Failed to decode downloaded font: http://localhost:8765/vendor/phosphor/PhosphorFill.woff2 @ http://localhost:8765/:0
[   51286ms] [WARNING] OTS parsing error: invalid sfntVersion: 1131378028 @ http://localhost:8765/:0
[   51331ms] [WARNING] Failed to decode downloaded font: http://localhost:8765/vendor/phosphor/PhosphorFill.woff2 @ http://localhost:8765/:0
[   51331ms] [WARNING] OTS parsing error: invalid sfntVersion: 1131378028 @ http://localhost:8765/:0
[  217920ms] [WARNING] Failed to decode downloaded font: http://localhost:8765/vendor/phosphor/PhosphorFill.woff2 @ http://localhost:8765/:0
[  217921ms] [WARNING] OTS parsing error: invalid sfntVersion: 1131378028 @ http://localhost:8765/:0
[  737456ms] [WARNING] Failed to decode downloaded font: http://localhost:8765/vendor/phosphor/PhosphorFill.woff2 @ http://localhost:8765/:0
[  737457ms] [WARNING] OTS parsing error: invalid sfntVersion: 1131378028 @ http://localhost:8765/:0
[ 1479067ms] [WARNING] Failed to decode downloaded font: http://localhost:8765/vendor/phosphor/PhosphorFill.woff2 @ http://localhost:8765/app.js:15
[ 1479067ms] [WARNING] OTS parsing error: invalid sfntVersion: 1131378028 @ http://localhost:8765/app.js:15
[ 1480268ms] [WARNING] Failed to decode downloaded font: http://localhost:8765/vendor/phosphor/PhosphorFill.woff2 @ http://localhost:8765/app.js:15
[ 1480268ms] [WARNING] OTS parsing error: invalid sfntVersion: 1131378028 @ http://localhost:8765/app.js:15
[ 1481391ms] [WARNING] Failed to decode downloaded font: http://localhost:8765/vendor/phosphor/PhosphorFill.woff2 @ http://localhost:8765/app.js:15
[ 1481391ms] [WARNING] OTS parsing error: invalid sfntVersion: 1131378028 @ http://localhost:8765/app.js:15
[ 1482521ms] [WARNING] Failed to decode downloaded font: http://localhost:8765/vendor/phosphor/PhosphorFill.woff2 @ http://localhost:8765/app.js:15
[ 1482521ms] [WARNING] OTS parsing error: invalid sfntVersion: 1131378028 @ http://localhost:8765/app.js:15
[ 1483627ms] [WARNING] Failed to decode downloaded font: http://localhost:8765/vendor/phosphor/PhosphorFill.woff2 @ http://localhost:8765/app.js:15
[ 1483627ms] [WARNING] OTS parsing error: invalid sfntVersion: 1131378028 @ http://localhost:8765/app.js:15
[ 1484552ms] [WARNING] Failed to decode downloaded font: http://localhost:8765/vendor/phosphor/PhosphorFill.woff2 @ http://localhost:8765/:0
[ 1484552ms] [WARNING] OTS parsing error: invalid sfntVersion: 1131378028 @ http://localhost:8765/:0
[ 1484752ms] [WARNING] Failed to decode downloaded font: http://localhost:8765/vendor/phosphor/PhosphorFill.woff2 @ http://localhost:8765/app.js:15
[ 1484752ms] [WARNING] OTS parsing error: invalid sfntVersion: 1131378028 @ http://localhost:8765/app.js:15
[ 1485681ms] [WARNING] Failed to decode downloaded font: http://localhost:8765/vendor/phosphor/PhosphorFill.woff2 @ http://localhost:8765/:0
[ 1485681ms] [WARNING] OTS parsing error: invalid sfntVersion: 1131378028 @ http://localhost:8765/:0
[ 1485874ms] [WARNING] Failed to decode downloaded font: http://localhost:8765/vendor/phosphor/PhosphorFill.woff2 @ http://localhost:8765/app.js:15
[ 1485874ms] [WARNING] OTS parsing error: invalid sfntVersion: 1131378028 @ http://localhost:8765/app.js:15
[ 1486801ms] [WARNING] Failed to decode downloaded font: http://localhost:8765/vendor/phosphor/PhosphorFill.woff2 @ http://localhost:8765/:0
[ 1486801ms] [WARNING] OTS parsing error: invalid sfntVersion: 1131378028 @ http://localhost:8765/:0
[ 1486991ms] [WARNING] Failed to decode downloaded font: http://localhost:8765/vendor/phosphor/PhosphorFill.woff2 @ http://localhost:8765/app.js:15
[ 1486991ms] [WARNING] OTS parsing error: invalid sfntVersion: 1131378028 @ http://localhost:8765/app.js:15
[ 1488120ms] [WARNING] Failed to decode downloaded font: http://localhost:8765/vendor/phosphor/PhosphorFill.woff2 @ http://localhost:8765/app.js:15
[ 1488120ms] [WARNING] OTS parsing error: invalid sfntVersion: 1131378028 @ http://localhost:8765/app.js:15
[ 1520608ms] [WARNING] Failed to decode downloaded font: http://localhost:8765/vendor/phosphor/PhosphorFill.woff2 @ http://localhost:8765/:0
[ 1520608ms] [WARNING] OTS parsing error: invalid sfntVersion: 1131378028 @ http://localhost:8765/:0
